python : Traceback (most recent call last):
At line:1 char:1
+ python test_tool_tracking.py > test_output.txt 2>&1
+ ~~~~~~~~~~~~~~~~~~~~~~~~~~~~~~~~~~~~~~~~~~~~~~~~~~~
    + CategoryInfo          : NotSpecified: (Traceback (most recent call last)::String) [], RemoteException
    + FullyQualifiedErrorId : NativeCommandError
 
  File "D:\LightIdea\Chatbot_Agent\test_tool_tracking.py", line 17, in <module>
    from agents.registry.registration import register_agents
  File "D:\LightIdea\Chatbot_Agent\agents\__init__.py", line 6, in <module>
    from .manager import ManagerDecision, create_manager_task, manager_agent
  File "D:\LightIdea\Chatbot_Agent\agents\manager\__init__.py", line 5, in <module>
    from .agent import manager_agent
  File "D:\LightIdea\Chatbot_Agent\agents\manager\agent.py", line 5, in <module>
    from agents.llm_config.agent import basic_llm
  File "D:\LightIdea\Chatbot_Agent\agents\llm_config\__init__.py", line 4, in <module>
    from .agent import basic_llm
  File "D:\LightIdea\Chatbot_Agent\agents\llm_config\agent.py", line 7, in <module>
    from iteration_tracker import get_tracker
  File "D:\LightIdea\Chatbot_Agent\iteration_tracker.py", line 181
    print(f"  Γ£à [TOOL OUTPUT TRACKED] (during iteration - {len(output_str)} chars)")       "timestamp": time.time(),
                                                                                           ^^^^^^^^^^^
SyntaxError: invalid syntax
